mode: set
final_project/cmd/web/handlers.go:16.69,18.2 1 1
final_project/cmd/web/handlers.go:20.70,22.2 1 1
final_project/cmd/web/handlers.go:24.70,28.16 3 1
final_project/cmd/web/handlers.go:28.16,30.3 1 0
final_project/cmd/web/handlers.go:32.2,36.16 4 1
final_project/cmd/web/handlers.go:36.16,40.3 3 0
final_project/cmd/web/handlers.go:42.2,43.16 2 1
final_project/cmd/web/handlers.go:43.16,47.3 3 1
final_project/cmd/web/handlers.go:49.2,49.20 1 0
final_project/cmd/web/handlers.go:49.20,60.3 5 0
final_project/cmd/web/handlers.go:62.2,66.47 4 0
final_project/cmd/web/handlers.go:69.67,73.2 3 1
final_project/cmd/web/handlers.go:75.73,77.2 1 0
final_project/cmd/web/handlers.go:79.77,81.16 2 0
final_project/cmd/web/handlers.go:81.16,83.3 1 0
final_project/cmd/web/handlers.go:85.2,95.16 3 0
final_project/cmd/web/handlers.go:95.16,99.3 3 0
final_project/cmd/web/handlers.go:101.2,115.52 7 0
final_project/cmd/web/handlers.go:118.76,124.11 5 0
final_project/cmd/web/handlers.go:124.11,128.3 3 0
final_project/cmd/web/handlers.go:130.2,131.16 2 0
final_project/cmd/web/handlers.go:131.16,135.3 3 0
final_project/cmd/web/handlers.go:137.2,139.16 3 0
final_project/cmd/web/handlers.go:139.16,143.3 3 0
final_project/cmd/web/handlers.go:145.2,146.52 2 0
final_project/cmd/web/handlers.go:149.78,151.16 2 0
final_project/cmd/web/handlers.go:151.16,154.3 2 0
final_project/cmd/web/handlers.go:156.2,161.4 3 0
final_project/cmd/web/handlers.go:165.76,171.16 4 0
final_project/cmd/web/handlers.go:171.16,175.3 3 0
final_project/cmd/web/handlers.go:177.2,178.9 2 0
final_project/cmd/web/handlers.go:178.9,182.3 3 0
final_project/cmd/web/handlers.go:184.2,185.12 2 0
final_project/cmd/web/handlers.go:185.12,188.17 3 0
final_project/cmd/web/handlers.go:188.17,191.4 2 0
final_project/cmd/web/handlers.go:192.3,198.21 2 0
final_project/cmd/web/handlers.go:202.2,203.12 2 0
final_project/cmd/web/handlers.go:203.12,207.17 4 0
final_project/cmd/web/handlers.go:207.17,210.4 2 0
final_project/cmd/web/handlers.go:211.3,220.51 3 0
final_project/cmd/web/handlers.go:223.2,224.16 2 0
final_project/cmd/web/handlers.go:224.16,228.3 3 0
final_project/cmd/web/handlers.go:230.2,231.16 2 0
final_project/cmd/web/handlers.go:231.16,235.3 3 0
final_project/cmd/web/handlers.go:237.2,240.60 3 0
final_project/cmd/web/handlers.go:243.78,266.2 15 0
final_project/cmd/web/handlers.go:268.77,270.2 1 0
final_project/cmd/web/helpers.go:3.42,6.2 2 0
final_project/cmd/web/mailer.go:41.36,42.6 1 0
final_project/cmd/web/mailer.go:42.6,43.9 1 0
final_project/cmd/web/mailer.go:44.40,45.53 1 0
final_project/cmd/web/mailer.go:46.39,47.29 1 0
final_project/cmd/web/mailer.go:48.31,49.10 1 0
final_project/cmd/web/mailer.go:54.60,57.24 2 0
final_project/cmd/web/mailer.go:57.24,59.3 1 0
final_project/cmd/web/mailer.go:60.2,60.20 1 0
final_project/cmd/web/mailer.go:60.20,62.3 1 0
final_project/cmd/web/mailer.go:63.2,63.24 1 0
final_project/cmd/web/mailer.go:63.24,65.3 1 0
final_project/cmd/web/mailer.go:67.2,67.31 1 0
final_project/cmd/web/mailer.go:67.31,69.3 1 0
final_project/cmd/web/mailer.go:75.2,75.27 1 0
final_project/cmd/web/mailer.go:75.27,77.3 1 0
final_project/cmd/web/mailer.go:79.2,83.16 3 0
final_project/cmd/web/mailer.go:83.16,85.3 1 0
final_project/cmd/web/mailer.go:87.2,88.16 2 0
final_project/cmd/web/mailer.go:88.16,90.3 1 0
final_project/cmd/web/mailer.go:91.2,102.16 11 0
final_project/cmd/web/mailer.go:102.16,104.3 1 0
final_project/cmd/web/mailer.go:106.2,112.30 5 0
final_project/cmd/web/mailer.go:112.30,113.37 1 0
final_project/cmd/web/mailer.go:113.37,115.4 1 0
final_project/cmd/web/mailer.go:118.2,118.33 1 0
final_project/cmd/web/mailer.go:118.33,119.46 1 0
final_project/cmd/web/mailer.go:119.46,121.4 1 0
final_project/cmd/web/mailer.go:124.2,125.16 2 0
final_project/cmd/web/mailer.go:125.16,127.3 1 0
final_project/cmd/web/mailer.go:130.62,134.16 3 0
final_project/cmd/web/mailer.go:134.16,136.3 1 0
final_project/cmd/web/mailer.go:138.2,139.68 2 0
final_project/cmd/web/mailer.go:139.68,141.3 1 0
final_project/cmd/web/mailer.go:143.2,145.16 3 0
final_project/cmd/web/mailer.go:145.16,147.3 1 0
final_project/cmd/web/mailer.go:149.2,149.30 1 0
final_project/cmd/web/mailer.go:152.67,156.16 3 0
final_project/cmd/web/mailer.go:156.16,158.3 1 0
final_project/cmd/web/mailer.go:160.2,161.68 2 0
final_project/cmd/web/mailer.go:161.68,163.3 1 0
final_project/cmd/web/mailer.go:165.2,167.26 2 0
final_project/cmd/web/mailer.go:170.52,178.16 3 0
final_project/cmd/web/mailer.go:178.16,180.3 1 0
final_project/cmd/web/mailer.go:182.2,183.16 2 0
final_project/cmd/web/mailer.go:183.16,185.3 1 0
final_project/cmd/web/mailer.go:187.2,187.18 1 0
final_project/cmd/web/mailer.go:190.56,191.11 1 0
final_project/cmd/web/mailer.go:192.13,193.33 1 0
final_project/cmd/web/mailer.go:194.13,195.31 1 0
final_project/cmd/web/mailer.go:196.14,197.29 1 0
final_project/cmd/web/mailer.go:198.10,199.33 1 0
final_project/cmd/web/main.go:25.13,54.2 11 0
final_project/cmd/web/main.go:56.36,57.6 1 0
final_project/cmd/web/main.go:57.6,58.10 1 0
final_project/cmd/web/main.go:59.33,60.30 1 0
final_project/cmd/web/main.go:61.30,62.11 1 0
final_project/cmd/web/main.go:67.28,76.16 4 0
final_project/cmd/web/main.go:76.16,78.3 1 0
final_project/cmd/web/main.go:81.23,83.17 2 0
final_project/cmd/web/main.go:83.17,85.3 1 0
final_project/cmd/web/main.go:86.2,86.13 1 0
final_project/cmd/web/main.go:89.29,93.6 3 0
final_project/cmd/web/main.go:93.6,96.17 3 0
final_project/cmd/web/main.go:96.17,98.4 1 0
final_project/cmd/web/main.go:98.9,101.4 2 0
final_project/cmd/web/main.go:103.3,103.18 1 0
final_project/cmd/web/main.go:103.18,105.4 1 0
final_project/cmd/web/main.go:107.3,110.11 4 0
final_project/cmd/web/main.go:115.42,117.16 2 0
final_project/cmd/web/main.go:117.16,119.3 1 0
final_project/cmd/web/main.go:120.2,121.16 2 0
final_project/cmd/web/main.go:121.16,123.3 1 0
final_project/cmd/web/main.go:125.2,125.16 1 0
final_project/cmd/web/main.go:128.40,139.2 8 0
final_project/cmd/web/main.go:141.30,144.36 1 0
final_project/cmd/web/main.go:144.36,146.4 1 0
final_project/cmd/web/main.go:148.2,148.18 1 0
final_project/cmd/web/main.go:151.40,157.2 5 0
final_project/cmd/web/main.go:159.31,173.2 10 0
final_project/cmd/web/main.go:175.38,194.2 5 0
final_project/cmd/web/middleware.go:5.64,7.2 1 1
final_project/cmd/web/middleware.go:9.57,10.71 1 1
final_project/cmd/web/middleware.go:10.71,11.49 1 0
final_project/cmd/web/middleware.go:11.49,15.4 3 0
final_project/cmd/web/middleware.go:17.3,17.23 1 0
final_project/cmd/web/render.go:26.95,38.29 4 1
final_project/cmd/web/render.go:38.29,40.3 1 1
final_project/cmd/web/render.go:42.2,42.15 1 1
final_project/cmd/web/render.go:42.15,44.3 1 1
final_project/cmd/web/render.go:46.2,47.16 2 1
final_project/cmd/web/render.go:47.16,51.3 3 0
final_project/cmd/web/render.go:53.2,53.67 1 1
final_project/cmd/web/render.go:53.67,57.3 3 0
final_project/cmd/web/render.go:60.84,64.27 4 1
final_project/cmd/web/render.go:64.27,67.10 3 0
final_project/cmd/web/render.go:67.10,69.4 1 0
final_project/cmd/web/render.go:69.9,71.4 1 0
final_project/cmd/web/render.go:74.2,75.11 2 1
final_project/cmd/web/render.go:78.58,80.2 1 1
final_project/cmd/web/routes.go:10.41,29.2 14 1
final_project/cmd/web/routes.go:31.45,39.2 5 1
final_project/cmd/web/signer.go:15.21,17.2 1 0
final_project/cmd/web/signer.go:20.50,24.33 3 0
final_project/cmd/web/signer.go:24.33,26.3 1 0
final_project/cmd/web/signer.go:26.8,28.3 1 0
final_project/cmd/web/signer.go:30.2,33.14 3 0
final_project/cmd/web/signer.go:37.37,41.16 3 0
final_project/cmd/web/signer.go:41.16,45.3 1 0
final_project/cmd/web/signer.go:47.2,47.13 1 0
final_project/cmd/web/signer.go:52.57,58.2 3 0
